../Core/Src/main.c:153:6:Kalman_Init	16	static
../Core/Src/main.c:164:6:angle_from_acc	48	static
../Core/Src/main.c:173:8:angle_kalman	88	static
../Core/Src/main.c:206:6:convert_to_cmd_vel	8	static
../Core/Src/main.c:211:6:pub_mpu6050	32	static
../Core/Src/main.c:229:6:service_callback	32	static
../Core/Src/main.c:252:6:imu_status_service_callback	32	static
../Core/Src/main.c:270:6:timer_callback	24	static
../Core/Src/main.c:301:6:StartDefaultTask	216	static
../Core/Src/main.c:395:5:main	8	static
../Core/Src/main.c:455:6:SystemClock_Config	88	static
../Core/Src/main.c:509:6:HAL_TIM_PeriodElapsedCallback	16	static
../Core/Src/main.c:526:6:Error_Handler	4	static,ignoring_inline_asm
