11:18:05 **** Incremental Build of configuration Debug for project megarover_joystick_uros ****
make -j16 all 
docker pull microros/micro_ros_static_library_builder:humble && docker run --rm -v /home/waritt/urosrobotsim_ws/firmware/megarover_joystick_uros:/project --env MICROROS_LIBRARY_FOLDER=micro_ros_stm32cubemx_utils/microros_static_library_ide microros/micro_ros_static_library_builder:humble
humble: Pulling from microros/micro_ros_static_library_builder
Digest: sha256:83ab4e8ce95b2a62feb5dd270ad4460218d2d026a455ea32a5873cf629aa1e99
Status: Image is up to date for microros/micro_ros_static_library_builder:humble
docker.io/microros/micro_ros_static_library_builder:humble
dos2unix: converting file /project/micro_ros_stm32cubemx_utils/microros_static_library_ide/library_generation/library_generation.sh to Unix format...
micro-ROS library found. Skipping...
Delete micro_ros_stm32cubemx_utils/microros_static_library_ide/libmicroros/ for rebuild.
 
arm-none-eabi-size  megarover_joystick_uros.elf 
   text	   data	    bss	    dec	    hex	filename
 115000	   2464	  47032	 164496	  28290	megarover_joystick_uros.elf
Finished building: default.size.stdout
 

11:18:08 Build Finished. 0 errors, 0 warnings. (took 2s.937ms)

